=== parse pass 1 11:14 have 0
[25/3160] v2_00025: ok md=3334 47s
[50/3160] v2_00044: ok md=19761 109s
[75/3160] v2_00075: ok md=4288 32s
[100/3160] v2_00101: ok md=2692 32s
=== parse pass 1 11:28 have 100
[25/3160] v2_00010: cached
[50/3160] v2_00094: cached
[75/3160] v2_00053: cached
[100/3160] v2_00097: cached
[125/3160] v2_00129: ok md=2889 32s
[150/3160] v2_00149: ok md=6663 32s
[175/3160] v2_00178: ok md=3101 32s
[200/3160] v2_00196: ok md=18070 47s
[225/3160] v2_00227: ok md=4613 47s
[250/3160] v2_00245: ok md=4136 63s
=== parse pass 1 11:35 have 254
[25/3160] v2_00143: cached
[50/3160] v2_00196: cached
[75/3160] v2_00103: cached
[100/3160] v2_00101: cached
[125/3160] v2_00135: cached
[150/3160] v2_00189: cached
[175/3160] v2_00226: cached
[200/3160] v2_00204: cached
[225/3160] v2_00055: cached
[250/3160] v2_00239: cached
[275/3160] v2_00283: ok md=5520 32s
[300/3160] v2_00307: ok md=16829 62s
[325/3160] v2_00343: ok md=4807 47s
[350/3160] v2_00355: ok md=4354 124s
=== parse pass 1 11:42 have 365
[25/3160] v2_00109: cached
[50/3160] v2_00096: cached
[75/3160] v2_00050: cached
[100/3160] v2_00007: cached
[125/3160] v2_00044: cached
[150/3160] v2_00042: cached
[175/3160] v2_00039: cached
[200/3160] v2_00295: cached
[225/3160] v2_00213: cached
[250/3160] v2_00316: cached
[275/3160] v2_00169: cached
[300/3160] v2_00283: cached
[325/3160] v2_00235: cached
[350/3160] v2_00053: cached
[375/3160] v2_00325: ok md=3167 16s
[400/3160] v2_00411: ok md=5983 32s
[425/3160] v2_00433: ok md=4591 47s
[450/3160] v2_00479: ok md=3273 62s
[475/3160] v2_00466: ok md=6800 63s
[500/3160] v2_00408: ok md=9335 78s
[525/3160] v2_00537: ok md=5605 47s
[550/3160] v2_00520: ok md=5677 64s
[575/3160] v2_00584: ok md=2908 47s
[600/3160] v2_00631: ok md=3182 32s
[625/3160] v2_00636: ok md=4253 47s
[650/3160] v2_00682: ok md=3524 32s
[675/3160] v2_00665: ok md=7901 47s
[700/3160] v2_00738: ok md=1605 32s
[725/3160] v2_00753: ok md=3632 32s
[750/3160] v2_00694: ok md=3319 62s
[775/3160] v2_00776: ok md=4823 47s
[800/3160] v2_00834: ok md=3160 32s
[825/3160] v2_00821: ok md=5966 47s
[850/3160] v2_00717: ok md=2939 93s
[875/3160] v2_00903: ok md=3479 32s
[900/3160] v2_00884: ok md=10864 47s
[925/3160] v2_00909: ok md=10023 47s
[950/3160] v2_00923: ok md=4676 48s
[975/3160] v2_01009: ok md=3190 34s
[1000/3160] v2_01004: ok md=10455 47s
[1025/3160] v2_01017: ok md=5974 49s
[1050/3160] v2_01081: ok md=3841 32s
[1075/3160] v2_01104: ok md=4021 32s
[1100/3160] v2_01122: ok md=1458 32s
[1125/3160] v2_01149: ok md=4916 32s
[1150/3160] v2_01179: ok md=5129 32s
[1175/3160] v2_01206: ok md=4278 32s
[1200/3160] v2_01221: ok md=4566 32s
[1225/3160] v2_01204: ok md=6046 47s
[1250/3160] v2_01265: ok md=3965 32s
[1275/3160] v2_01294: ok md=2753 32s
[1300/3160] v2_01312: ok md=3242 32s
[1325/3160] v2_01351: ok md=3060 32s
[1350/3160] v2_01380: ok md=3507 32s
[1375/3160] v2_01411: ok md=3781 32s
[1400/3160] v2_01440: ok md=2276 32s
[1425/3160] v2_01432: ok md=3673 47s
[1450/3160] v2_01442: ok md=7359 47s
[1475/3160] v2_01505: ok md=1331 32s
[1500/3160] v2_01531: ok md=3161 32s
[1525/3160] v2_01517: ok md=3059 47s
[1550/3160] v2_01371: ok md=7786 109s
[1575/3160] v2_01562: ok md=6830 48s
[1600/3160] v2_01598: ok md=3434 47s
[1625/3160] v2_01675: ok md=2226 32s
[1650/3160] v2_01655: ok md=4156 49s
[1675/3160] v2_01686: ok md=6544 47s
[1700/3160] v2_01751: ok md=3171 32s
[1725/3160] v2_01710: ok md=5093 62s
[1750/3160] v2_01770: ok md=3234 47s
[1775/3160] v2_01805: ok md=2184 47s
[1800/3160] v2_01789: ok md=2981 62s
[1825/3160] v2_01865: ok md=2108 32s
[1850/3160] v2_01813: ok md=4068 78s
[1875/3160] v2_01746: ok md=4474 114s
[1900/3160] v2_01851: ok md=8631 83s
[1925/3160] v2_01881: ok md=5681 77s
[1950/3160] v2_01948: ok md=2132 62s
[1975/3160] v2_01961: ok md=2806 62s
[2000/3160] v2_02018: ok md=6206 47s
[2025/3160] v2_02034: ok md=2931 47s
[2050/3160] v2_02089: ok md=2420 32s
[2075/3160] v2_02014: ok md=6225 78s
[2100/3160] v2_02139: ok md=4740 32s
[2125/3160] v2_02160: ok md=1821 32s
[2150/3160] v2_02181: ok md=3622 32s
[2175/3160] v2_02157: ok md=6286 47s
[2200/3160] v2_02220: ok md=3154 32s
[2225/3160] v2_02243: ok md=1173 32s
[2250/3160] v2_02270: ok md=5419 32s
[2275/3160] v2_02300: ok md=7781 32s
[2300/3160] v2_02322: ok md=1955 31s
[2325/3160] v2_02301: ok md=4543 47s
[2350/3160] v2_02368: ok md=3910 32s
[2375/3160] v2_02344: ok md=3471 47s
[2400/3160] v2_02278: ok md=4135 78s
[2425/3160] v2_02436: ok md=2540 32s
[2450/3160] v2_02458: ok md=4189 32s
[2475/3160] v2_02484: ok md=6215 33s
[2500/3160] v2_02522: ok md=7846 32s
[2525/3160] v2_02490: ok md=6427 47s
[2550/3160] v2_02462: ok md=8318 62s
[2575/3160] v2_02544: ok md=4604 48s
[2600/3160] v2_02669: ok md=478 16s
[2625/3160] v2_02639: ok md=3295 32s
[2650/3160] v2_02664: ok md=3861 32s
[2675/3160] v2_02648: ok md=5647 47s
[2700/3160] v2_02683: ok md=3254 47s
[2725/3160] v2_02765: ok md=2161 32s
[2750/3160] v2_02756: ok md=2894 47s
[2775/3160] v2_02692: ok md=3764 78s
[2800/3160] v2_02775: ok md=3685 62s
[2825/3160] v2_02840: ok md=3615 47s
[2850/3160] v2_02889: ok md=2966 32s
[2875/3160] v2_02914: ok md=1768 32s
[2900/3160] v2_02926: ok md=944 32s
[2925/3160] v2_02912: ok md=1571 47s
[2950/3160] v2_02857: ok md=3482 78s
[2975/3160] v2_02991: ok md=2717 32s
[3000/3160] v2_03035: ok md=1865 32s
[3025/3160] v2_03013: ok md=2641 47s
[3050/3160] v2_03039: ok md=1981 47s
[3075/3160] v2_03116: ok md=3921 32s
[3100/3160] v2_03128: ok md=3287 32s
[3125/3160] v2_03108: ok md=3619 47s
[3150/3160] v2_03119: ok md=4066 47s
parsed 3160/3160; 0 errors this run
=== post 11:59 have 3160
post 100/3160
post 200/3160
post 300/3160
post 400/3160
post 500/3160
post 600/3160
post 700/3160
Traceback (most recent call last):
  File "/Users/aman/programs/experimental/ocr_postraining/data-preparation-phase-1/collect_phase2/tools/sebas_gt_run.py", line 322, in <module>
    post(a)
  File "/Users/aman/programs/experimental/ocr_postraining/data-preparation-phase-1/collect_phase2/tools/sebas_gt_run.py", line 259, in post
    (out / f"{stem}.md").write_text(md_norm)
  File "/Users/aman/.local/share/uv/python/cpython-3.11.15-macos-aarch64-none/lib/python3.11/pathlib.py", line 1078, in write_text
    with self.open(mode='w', encoding=encoding, errors=errors, newline=newline) as f:
         ^^^^^^^^^^^^^^^^^^^^^^^^^^^^^^^^^^^^^^^^^^^^^^^^^^^^^^^^^^^^^^^^^^^^^^
  File "/Users/aman/.local/share/uv/python/cpython-3.11.15-macos-aarch64-none/lib/python3.11/pathlib.py", line 1044, in open
    return io.open(self, mode, buffering, encoding, errors, newline)
           ^^^^^^^^^^^^^^^^^^^^^^^^^^^^^^^^^^^^^^^^^^^^^^^^^^^^^^^^^
FileNotFoundError: [Errno 2] No such file or directory: '/Users/aman/Desktop/real-tables-v2-gt/v2_00760.md'
=== V2 GT DONE 12:17
